=== Dita lambda-circle dense fourth-MUB test ===
Date: 2026-08-03T15:34:31.504
  theta=arccos(1/sqrt(3)), phi=pi/4, step=0.01, n_lambda=628

  lambda=0: clique=6 third=true fourth=false
  lambda=0.01: clique=6 third=true fourth=false
  lambda=0.02: clique=6 third=true fourth=false
  lambda=0.03: clique=6 third=true fourth=false
  lambda=0.04: clique=6 third=true fourth=false
  lambda=0.05: clique=6 third=true fourth=false
  lambda=0.06: clique=6 third=true fourth=false
  lambda=0.07: clique=6 third=true fourth=false
  lambda=0.08: clique=6 third=true fourth=false
  lambda=0.09: clique=6 third=true fourth=false
  lambda=0.1: clique=6 third=true fourth=false
  lambda=0.11: clique=6 third=true fourth=false
  lambda=0.12: clique=6 third=true fourth=false
  lambda=0.13: clique=6 third=true fourth=false
  lambda=0.14: clique=6 third=true fourth=false
  lambda=0.15: clique=6 third=true fourth=false
  lambda=0.16: clique=6 third=true fourth=false
  lambda=0.17: clique=6 third=true fourth=false
  lambda=0.18: clique=6 third=true fourth=false
  lambda=0.19: clique=6 third=true fourth=false
  lambda=0.2: clique=6 third=true fourth=false
  lambda=0.21: clique=6 third=true fourth=false
  lambda=0.22: clique=6 third=true fourth=false
  lambda=0.23: clique=6 third=true fourth=false
  lambda=0.24: clique=6 third=true fourth=false
  lambda=0.25: clique=6 third=true fourth=false
  lambda=0.26: clique=6 third=true fourth=false
  lambda=0.27: clique=6 third=true fourth=false
  lambda=0.28: clique=6 third=true fourth=false
  lambda=0.29: clique=6 third=true fourth=false
  lambda=0.3: clique=6 third=true fourth=false
  lambda=0.31: clique=6 third=true fourth=false
  lambda=0.32: clique=6 third=true fourth=false
  lambda=0.33: clique=6 third=true fourth=false
  lambda=0.34: clique=6 third=true fourth=false
  lambda=0.35: clique=6 third=true fourth=false
  lambda=0.36: clique=6 third=true fourth=false
  lambda=0.37: clique=6 third=true fourth=false
  lambda=0.38: clique=6 third=true fourth=false
  lambda=0.39: clique=6 third=true fourth=false
  lambda=0.4: clique=6 third=true fourth=false
  lambda=0.41: clique=6 third=true fourth=false
  lambda=0.42: clique=6 third=true fourth=false
  lambda=0.43: clique=6 third=true fourth=false
  lambda=0.44: clique=6 third=true fourth=false
  lambda=0.45: clique=6 third=true fourth=false
  lambda=0.46: clique=6 third=true fourth=false
  lambda=0.47: clique=6 third=true fourth=false
  lambda=0.48: clique=6 third=true fourth=false
  lambda=0.49: clique=6 third=true fourth=false
  lambda=0.5: clique=6 third=true fourth=false
  lambda=0.51: clique=6 third=true fourth=false
  lambda=0.52: clique=6 third=true fourth=false
  lambda=0.53: clique=6 third=true fourth=false
  lambda=0.54: clique=6 third=true fourth=false
  lambda=0.55: clique=6 third=true fourth=false
  lambda=0.56: clique=6 third=true fourth=false
  lambda=0.57: clique=6 third=true fourth=false
  lambda=0.58: clique=6 third=true fourth=false
  lambda=0.59: clique=6 third=true fourth=false
  lambda=0.6: clique=6 third=true fourth=false
  lambda=0.61: clique=6 third=true fourth=false
  lambda=0.62: clique=6 third=true fourth=false
  lambda=0.63: clique=6 third=true fourth=false
  lambda=0.64: clique=6 third=true fourth=false
  lambda=0.65: clique=6 third=true fourth=false
  lambda=0.66: clique=6 third=true fourth=false
  lambda=0.67: clique=6 third=true fourth=false
  lambda=0.68: clique=6 third=true fourth=false
  lambda=0.69: clique=6 third=true fourth=false
  lambda=0.7: clique=6 third=true fourth=false
  lambda=0.71: clique=6 third=true fourth=false
  lambda=0.72: clique=6 third=true fourth=false
  lambda=0.73: clique=6 third=true fourth=false
  lambda=0.74: clique=6 third=true fourth=false
  lambda=0.75: clique=6 third=true fourth=false
  lambda=0.76: clique=6 third=true fourth=false
  lambda=0.77: clique=6 third=true fourth=false
  lambda=0.78: clique=6 third=true fourth=false
  lambda=0.79: clique=6 third=true fourth=false
  lambda=0.8: clique=6 third=true fourth=false
  lambda=0.81: clique=6 third=true fourth=false
  lambda=0.82: clique=6 third=true fourth=false
  lambda=0.83: clique=6 third=true fourth=false
  lambda=0.84: clique=6 third=true fourth=false
  lambda=0.85: clique=6 third=true fourth=false
  lambda=0.86: clique=6 third=true fourth=false
  lambda=0.87: clique=6 third=true fourth=false
  lambda=0.88: clique=6 third=true fourth=false
  lambda=0.89: clique=6 third=true fourth=false
  lambda=0.9: clique=6 third=true fourth=false
  lambda=0.91: clique=6 third=true fourth=false
  lambda=0.92: clique=6 third=true fourth=false
  lambda=0.93: clique=6 third=true fourth=false
  lambda=0.94: clique=6 third=true fourth=false
  lambda=0.95: clique=6 third=true fourth=false
  lambda=0.96: clique=6 third=true fourth=false
  lambda=0.97: clique=6 third=true fourth=false
  lambda=0.98: clique=6 third=true fourth=false
  lambda=0.99: clique=6 third=true fourth=false
  lambda=1: clique=6 third=true fourth=false
  lambda=1.01: clique=6 third=true fourth=false
  lambda=1.02: clique=6 third=true fourth=false
  lambda=1.03: clique=6 third=true fourth=false
  lambda=1.04: clique=6 third=true fourth=false
  lambda=1.05: clique=6 third=true fourth=false
  lambda=1.06: clique=6 third=true fourth=false
  lambda=1.07: clique=6 third=true fourth=false
  lambda=1.08: clique=6 third=true fourth=false
  lambda=1.09: clique=6 third=true fourth=false
  lambda=1.1: clique=6 third=true fourth=false
  lambda=1.11: clique=6 third=true fourth=false
  lambda=1.12: clique=6 third=true fourth=false
  lambda=1.13: clique=6 third=true fourth=false
  lambda=1.14: clique=6 third=true fourth=false
  lambda=1.15: clique=6 third=true fourth=false
  lambda=1.16: clique=6 third=true fourth=false
  lambda=1.17: clique=6 third=true fourth=false
  lambda=1.18: clique=6 third=true fourth=false
  lambda=1.19: clique=6 third=true fourth=false
  lambda=1.2: clique=6 third=true fourth=false
  lambda=1.21: clique=6 third=true fourth=false
  lambda=1.22: clique=6 third=true fourth=false
  lambda=1.23: clique=6 third=true fourth=false
  lambda=1.24: clique=6 third=true fourth=false
  lambda=1.25: clique=6 third=true fourth=false
  lambda=1.26: clique=6 third=true fourth=false
  lambda=1.27: clique=6 third=true fourth=false
  lambda=1.28: clique=6 third=true fourth=false
  lambda=1.29: clique=6 third=true fourth=false
  lambda=1.3: clique=6 third=true fourth=false
  lambda=1.31: clique=6 third=true fourth=false
  lambda=1.32: clique=6 third=true fourth=false
  lambda=1.33: clique=6 third=true fourth=false
  lambda=1.34: clique=6 third=true fourth=false
  lambda=1.35: clique=6 third=true fourth=false
  lambda=1.36: clique=6 third=true fourth=false
  lambda=1.37: clique=6 third=true fourth=false
  lambda=1.38: clique=6 third=true fourth=false
  lambda=1.39: clique=6 third=true fourth=false
  lambda=1.4: clique=6 third=true fourth=false
  lambda=1.41: clique=6 third=true fourth=false
  lambda=1.42: clique=6 third=true fourth=false
  lambda=1.43: clique=6 third=true fourth=false
  lambda=1.44: clique=6 third=true fourth=false
  lambda=1.45: clique=6 third=true fourth=false
  lambda=1.46: clique=6 third=true fourth=false
  lambda=1.47: clique=6 third=true fourth=false
  lambda=1.48: clique=6 third=true fourth=false
  lambda=1.49: clique=6 third=true fourth=false
  lambda=1.5: clique=6 third=true fourth=false
  lambda=1.51: clique=6 third=true fourth=false
  lambda=1.52: clique=6 third=true fourth=false
  lambda=1.53: clique=6 third=true fourth=false
  lambda=1.54: clique=6 third=true fourth=false
  lambda=1.55: clique=6 third=true fourth=false
  lambda=1.56: clique=6 third=true fourth=false
  lambda=1.57: clique=6 third=true fourth=false
  lambda=1.58: clique=6 third=true fourth=false
  lambda=1.59: clique=6 third=true fourth=false
  lambda=1.6: clique=6 third=true fourth=false
  lambda=1.61: clique=6 third=true fourth=false
  lambda=1.62: clique=6 third=true fourth=false
  lambda=1.63: clique=6 third=true fourth=false
  lambda=1.64: clique=6 third=true fourth=false
  lambda=1.65: clique=6 third=true fourth=false
  lambda=1.66: clique=6 third=true fourth=false
  lambda=1.67: clique=6 third=true fourth=false
  lambda=1.68: clique=6 third=true fourth=false
  lambda=1.69: clique=6 third=true fourth=false
  lambda=1.7: clique=6 third=true fourth=false
  lambda=1.71: clique=6 third=true fourth=false
  lambda=1.72: clique=6 third=true fourth=false
  lambda=1.73: clique=6 third=true fourth=false
  lambda=1.74: clique=6 third=true fourth=false
  lambda=1.75: clique=6 third=true fourth=false
  lambda=1.76: clique=6 third=true fourth=false
  lambda=1.77: clique=6 third=true fourth=false
  lambda=1.78: clique=6 third=true fourth=false
  lambda=1.79: clique=6 third=true fourth=false
  lambda=1.8: clique=6 third=true fourth=false
  lambda=1.81: clique=6 third=true fourth=false
  lambda=1.82: clique=6 third=true fourth=false
  lambda=1.83: clique=6 third=true fourth=false
  lambda=1.84: clique=6 third=true fourth=false
  lambda=1.85: clique=6 third=true fourth=false
  lambda=1.86: clique=6 third=true fourth=false
  lambda=1.87: clique=6 third=true fourth=false
  lambda=1.88: clique=6 third=true fourth=false
  lambda=1.89: clique=6 third=true fourth=false
  lambda=1.9: clique=6 third=true fourth=false
  lambda=1.91: clique=6 third=true fourth=false
  lambda=1.92: clique=6 third=true fourth=false
  lambda=1.93: clique=6 third=true fourth=false
  lambda=1.94: clique=6 third=true fourth=false
  lambda=1.95: clique=6 third=true fourth=false
  lambda=1.96: clique=6 third=true fourth=false
  lambda=1.97: clique=6 third=true fourth=false
  lambda=1.98: clique=6 third=true fourth=false
  lambda=1.99: clique=6 third=true fourth=false
  lambda=2: clique=6 third=true fourth=false
  lambda=2.01: clique=6 third=true fourth=false
  lambda=2.02: clique=6 third=true fourth=false
  lambda=2.03: clique=6 third=true fourth=false
  lambda=2.04: clique=6 third=true fourth=false
  lambda=2.05: clique=6 third=true fourth=false
  lambda=2.06: clique=6 third=true fourth=false
  lambda=2.07: clique=6 third=true fourth=false
  lambda=2.08: clique=6 third=true fourth=false
  lambda=2.09: clique=6 third=true fourth=false
  lambda=2.1: clique=6 third=true fourth=false
  lambda=2.11: clique=6 third=true fourth=false
  lambda=2.12: clique=6 third=true fourth=false
  lambda=2.13: clique=6 third=true fourth=false
  lambda=2.14: clique=6 third=true fourth=false
  lambda=2.15: clique=6 third=true fourth=false
  lambda=2.16: clique=6 third=true fourth=false
  lambda=2.17: clique=6 third=true fourth=false
  lambda=2.18: clique=6 third=true fourth=false
  lambda=2.19: clique=6 third=true fourth=false
  lambda=2.2: clique=6 third=true fourth=false
  lambda=2.21: clique=6 third=true fourth=false
  lambda=2.22: clique=6 third=true fourth=false
  lambda=2.23: clique=6 third=true fourth=false
  lambda=2.24: clique=6 third=true fourth=false
  lambda=2.25: clique=6 third=true fourth=false
  lambda=2.26: clique=6 third=true fourth=false
  lambda=2.27: clique=6 third=true fourth=false
  lambda=2.28: clique=6 third=true fourth=false
  lambda=2.29: clique=6 third=true fourth=false
  lambda=2.3: clique=6 third=true fourth=false
  lambda=2.31: clique=6 third=true fourth=false
  lambda=2.32: clique=6 third=true fourth=false
  lambda=2.33: clique=6 third=true fourth=false
  lambda=2.34: clique=6 third=true fourth=false
  lambda=2.35: clique=6 third=true fourth=false
  lambda=2.36: clique=6 third=true fourth=false
  lambda=2.37: clique=6 third=true fourth=false
  lambda=2.38: clique=6 third=true fourth=false
  lambda=2.39: clique=6 third=true fourth=false
  lambda=2.4: clique=6 third=true fourth=false
  lambda=2.41: clique=6 third=true fourth=false
  lambda=2.42: clique=6 third=true fourth=false
  lambda=2.43: clique=6 third=true fourth=false
  lambda=2.44: clique=6 third=true fourth=false
  lambda=2.45: clique=6 third=true fourth=false
  lambda=2.46: clique=6 third=true fourth=false
  lambda=2.47: clique=6 third=true fourth=false
  lambda=2.48: clique=6 third=true fourth=false
  lambda=2.49: clique=6 third=true fourth=false
  lambda=2.5: clique=6 third=true fourth=false
  lambda=2.51: clique=6 third=true fourth=false
  lambda=2.52: clique=6 third=true fourth=false
  lambda=2.53: clique=6 third=true fourth=false
  lambda=2.54: clique=6 third=true fourth=false
  lambda=2.55: clique=6 third=true fourth=false
  lambda=2.56: clique=6 third=true fourth=false
  lambda=2.57: clique=6 third=true fourth=false
  lambda=2.58: clique=6 third=true fourth=false
  lambda=2.59: clique=6 third=true fourth=false
  lambda=2.6: clique=6 third=true fourth=false
  lambda=2.61: clique=6 third=true fourth=false
  lambda=2.62: clique=6 third=true fourth=false
  lambda=2.63: clique=6 third=true fourth=false
  lambda=2.64: clique=6 third=true fourth=false
  lambda=2.65: clique=6 third=true fourth=false
  lambda=2.66: clique=6 third=true fourth=false
  lambda=2.67: clique=6 third=true fourth=false
  lambda=2.68: clique=6 third=true fourth=false
  lambda=2.69: clique=6 third=true fourth=false
  lambda=2.7: clique=6 third=true fourth=false
  lambda=2.71: clique=6 third=true fourth=false
  lambda=2.72: clique=6 third=true fourth=false
  lambda=2.73: clique=6 third=true fourth=false
  lambda=2.74: clique=6 third=true fourth=false
  lambda=2.75: clique=6 third=true fourth=false
  lambda=2.76: clique=6 third=true fourth=false
  lambda=2.77: clique=6 third=true fourth=false
  lambda=2.78: clique=6 third=true fourth=false
  lambda=2.79: clique=6 third=true fourth=false
  lambda=2.8: clique=6 third=true fourth=false
  lambda=2.81: clique=6 third=true fourth=false
  lambda=2.82: clique=6 third=true fourth=false
  lambda=2.83: clique=6 third=true fourth=false
  lambda=2.84: clique=6 third=true fourth=false
  lambda=2.85: clique=6 third=true fourth=false
  lambda=2.86: clique=6 third=true fourth=false
  lambda=2.87: clique=6 third=true fourth=false
  lambda=2.88: clique=6 third=true fourth=false
  lambda=2.89: clique=6 third=true fourth=false
  lambda=2.9: clique=6 third=true fourth=false
  lambda=2.91: clique=6 third=true fourth=false
  lambda=2.92: clique=6 third=true fourth=false
  lambda=2.93: clique=6 third=true fourth=false
  lambda=2.94: clique=6 third=true fourth=false
  lambda=2.95: clique=6 third=true fourth=false
  lambda=2.96: clique=6 third=true fourth=false
  lambda=2.97: clique=6 third=true fourth=false
  lambda=2.98: clique=6 third=true fourth=false
  lambda=2.99: clique=6 third=true fourth=false
  lambda=3: clique=6 third=true fourth=false
  lambda=3.01: clique=6 third=true fourth=false
  lambda=3.02: clique=6 third=true fourth=false
  lambda=3.03: clique=6 third=true fourth=false
  lambda=3.04: clique=6 third=true fourth=false
  lambda=3.05: clique=6 third=true fourth=false
  lambda=3.06: clique=6 third=true fourth=false
  lambda=3.07: clique=6 third=true fourth=false
  lambda=3.08: clique=6 third=true fourth=false
  lambda=3.09: clique=6 third=true fourth=false
  lambda=3.1: clique=6 third=true fourth=false
  lambda=3.11: clique=6 third=true fourth=false
  lambda=3.12: clique=6 third=true fourth=false
  lambda=3.13: clique=6 third=true fourth=false
  lambda=3.14: clique=6 third=true fourth=false
  lambda=3.15: clique=6 third=true fourth=false
  lambda=3.16: clique=6 third=true fourth=false
  lambda=3.17: clique=6 third=true fourth=false
  lambda=3.18: clique=6 third=true fourth=false
  lambda=3.19: clique=6 third=true fourth=false
  lambda=3.2: clique=6 third=true fourth=false
  lambda=3.21: clique=6 third=true fourth=false
  lambda=3.22: clique=6 third=true fourth=false
  lambda=3.23: clique=6 third=true fourth=false
  lambda=3.24: clique=6 third=true fourth=false
  lambda=3.25: clique=6 third=true fourth=false
  lambda=3.26: clique=6 third=true fourth=false
  lambda=3.27: clique=6 third=true fourth=false
  lambda=3.28: clique=6 third=true fourth=false
  lambda=3.29: clique=6 third=true fourth=false
  lambda=3.3: clique=6 third=true fourth=false
  lambda=3.31: clique=6 third=true fourth=false
  lambda=3.32: clique=6 third=true fourth=false
  lambda=3.33: clique=6 third=true fourth=false
  lambda=3.34: clique=6 third=true fourth=false
  lambda=3.35: clique=6 third=true fourth=false
  lambda=3.36: clique=6 third=true fourth=false
  lambda=3.37: clique=6 third=true fourth=false
  lambda=3.38: clique=6 third=true fourth=false
  lambda=3.39: clique=6 third=true fourth=false
  lambda=3.4: clique=6 third=true fourth=false
  lambda=3.41: clique=6 third=true fourth=false
  lambda=3.42: clique=6 third=true fourth=false
  lambda=3.43: clique=6 third=true fourth=false
  lambda=3.44: clique=6 third=true fourth=false
  lambda=3.45: clique=6 third=true fourth=false
  lambda=3.46: clique=6 third=true fourth=false
  lambda=3.47: clique=6 third=true fourth=false
  lambda=3.48: clique=6 third=true fourth=false
  lambda=3.49: clique=6 third=true fourth=false
  lambda=3.5: clique=6 third=true fourth=false
  lambda=3.51: clique=6 third=true fourth=false
  lambda=3.52: clique=6 third=true fourth=false
  lambda=3.53: clique=6 third=true fourth=false
  lambda=3.54: clique=6 third=true fourth=false
  lambda=3.55: clique=6 third=true fourth=false
  lambda=3.56: clique=6 third=true fourth=false
  lambda=3.57: clique=6 third=true fourth=false
  lambda=3.58: clique=6 third=true fourth=false
  lambda=3.59: clique=6 third=true fourth=false
  lambda=3.6: clique=6 third=true fourth=false
  lambda=3.61: clique=6 third=true fourth=false
  lambda=3.62: clique=6 third=true fourth=false
  lambda=3.63: clique=6 third=true fourth=false
  lambda=3.64: clique=6 third=true fourth=false
  lambda=3.65: clique=6 third=true fourth=false
  lambda=3.66: clique=6 third=true fourth=false
  lambda=3.67: clique=6 third=true fourth=false
  lambda=3.68: clique=6 third=true fourth=false
  lambda=3.69: clique=6 third=true fourth=false
  lambda=3.7: clique=6 third=true fourth=false
  lambda=3.71: clique=6 third=true fourth=false
  lambda=3.72: clique=6 third=true fourth=false
  lambda=3.73: clique=6 third=true fourth=false
  lambda=3.74: clique=6 third=true fourth=false
  lambda=3.75: clique=6 third=true fourth=false
  lambda=3.76: clique=6 third=true fourth=false
  lambda=3.77: clique=6 third=true fourth=false
  lambda=3.78: clique=6 third=true fourth=false
  lambda=3.79: clique=6 third=true fourth=false
  lambda=3.8: clique=6 third=true fourth=false
  lambda=3.81: clique=6 third=true fourth=false
  lambda=3.82: clique=6 third=true fourth=false
  lambda=3.83: clique=6 third=true fourth=false
  lambda=3.84: clique=6 third=true fourth=false
  lambda=3.85: clique=6 third=true fourth=false
  lambda=3.86: clique=6 third=true fourth=false
  lambda=3.87: clique=6 third=true fourth=false
  lambda=3.88: clique=6 third=true fourth=false
  lambda=3.89: clique=6 third=true fourth=false
  lambda=3.9: clique=6 third=true fourth=false
  lambda=3.91: clique=6 third=true fourth=false
  lambda=3.92: clique=6 third=true fourth=false
  lambda=3.93: clique=6 third=true fourth=false
  lambda=3.94: clique=6 third=true fourth=false
  lambda=3.95: clique=6 third=true fourth=false
  lambda=3.96: clique=6 third=true fourth=false
  lambda=3.97: clique=6 third=true fourth=false
  lambda=3.98: clique=6 third=true fourth=false
  lambda=3.99: clique=6 third=true fourth=false
  lambda=4: clique=6 third=true fourth=false
  lambda=4.01: clique=6 third=true fourth=false
  lambda=4.02: clique=6 third=true fourth=false
  lambda=4.03: clique=6 third=true fourth=false
  lambda=4.04: clique=6 third=true fourth=false
  lambda=4.05: clique=6 third=true fourth=false
  lambda=4.06: clique=6 third=true fourth=false
  lambda=4.07: clique=6 third=true fourth=false
  lambda=4.08: clique=6 third=true fourth=false
  lambda=4.09: clique=6 third=true fourth=false
  lambda=4.1: clique=6 third=true fourth=false
  lambda=4.11: clique=6 third=true fourth=false
  lambda=4.12: clique=6 third=true fourth=false
  lambda=4.13: clique=6 third=true fourth=false
  lambda=4.14: clique=6 third=true fourth=false
  lambda=4.15: clique=6 third=true fourth=false
  lambda=4.16: clique=6 third=true fourth=false
  lambda=4.17: clique=6 third=true fourth=false
  lambda=4.18: clique=6 third=true fourth=false
  lambda=4.19: clique=6 third=true fourth=false
  lambda=4.2: clique=6 third=true fourth=false
  lambda=4.21: clique=6 third=true fourth=false
  lambda=4.22: clique=6 third=true fourth=false
  lambda=4.23: clique=6 third=true fourth=false
  lambda=4.24: clique=6 third=true fourth=false
  lambda=4.25: clique=6 third=true fourth=false
  lambda=4.26: clique=6 third=true fourth=false
  lambda=4.27: clique=6 third=true fourth=false
  lambda=4.28: clique=6 third=true fourth=false
  lambda=4.29: clique=6 third=true fourth=false
  lambda=4.3: clique=6 third=true fourth=false
  lambda=4.31: clique=6 third=true fourth=false
  lambda=4.32: clique=6 third=true fourth=false
  lambda=4.33: clique=6 third=true fourth=false
  lambda=4.34: clique=6 third=true fourth=false
  lambda=4.35: clique=6 third=true fourth=false
  lambda=4.36: clique=6 third=true fourth=false
  lambda=4.37: clique=6 third=true fourth=false
  lambda=4.38: clique=6 third=true fourth=false
  lambda=4.39: clique=6 third=true fourth=false
  lambda=4.4: clique=6 third=true fourth=false
  lambda=4.41: clique=6 third=true fourth=false
  lambda=4.42: clique=6 third=true fourth=false
  lambda=4.43: clique=6 third=true fourth=false
  lambda=4.44: clique=6 third=true fourth=false
  lambda=4.45: clique=6 third=true fourth=false
  lambda=4.46: clique=6 third=true fourth=false
  lambda=4.47: clique=6 third=true fourth=false
  lambda=4.48: clique=6 third=true fourth=false
  lambda=4.49: clique=6 third=true fourth=false
  lambda=4.5: clique=6 third=true fourth=false
  lambda=4.51: clique=6 third=true fourth=false
  lambda=4.52: clique=6 third=true fourth=false
  lambda=4.53: clique=6 third=true fourth=false
  lambda=4.54: clique=6 third=true fourth=false
  lambda=4.55: clique=6 third=true fourth=false
  lambda=4.56: clique=6 third=true fourth=false
  lambda=4.57: clique=6 third=true fourth=false
  lambda=4.58: clique=6 third=true fourth=false
  lambda=4.59: clique=6 third=true fourth=false
  lambda=4.6: clique=6 third=true fourth=false
  lambda=4.61: clique=6 third=true fourth=false
  lambda=4.62: clique=6 third=true fourth=false
  lambda=4.63: clique=6 third=true fourth=false
  lambda=4.64: clique=6 third=true fourth=false
  lambda=4.65: clique=6 third=true fourth=false
  lambda=4.66: clique=6 third=true fourth=false
  lambda=4.67: clique=6 third=true fourth=false
  lambda=4.68: clique=6 third=true fourth=false
  lambda=4.69: clique=6 third=true fourth=false
  lambda=4.7: clique=6 third=true fourth=false
  lambda=4.71: clique=6 third=true fourth=false
  lambda=4.72: clique=6 third=true fourth=false
  lambda=4.73: clique=6 third=true fourth=false
  lambda=4.74: clique=6 third=true fourth=false
  lambda=4.75: clique=6 third=true fourth=false
  lambda=4.76: clique=6 third=true fourth=false
  lambda=4.77: clique=6 third=true fourth=false
  lambda=4.78: clique=6 third=true fourth=false
  lambda=4.79: clique=6 third=true fourth=false
  lambda=4.8: clique=6 third=true fourth=false
  lambda=4.81: clique=6 third=true fourth=false
  lambda=4.82: clique=6 third=true fourth=false
  lambda=4.83: clique=6 third=true fourth=false
  lambda=4.84: clique=6 third=true fourth=false
  lambda=4.85: clique=6 third=true fourth=false
  lambda=4.86: clique=6 third=true fourth=false
  lambda=4.87: clique=6 third=true fourth=false
  lambda=4.88: clique=6 third=true fourth=false
  lambda=4.89: clique=6 third=true fourth=false
  lambda=4.9: clique=6 third=true fourth=false
  lambda=4.91: clique=6 third=true fourth=false
  lambda=4.92: clique=6 third=true fourth=false
  lambda=4.93: clique=6 third=true fourth=false
  lambda=4.94: clique=6 third=true fourth=false
  lambda=4.95: clique=6 third=true fourth=false
  lambda=4.96: clique=6 third=true fourth=false
  lambda=4.97: clique=6 third=true fourth=false
  lambda=4.98: clique=6 third=true fourth=false
  lambda=4.99: clique=6 third=true fourth=false
  lambda=5: clique=6 third=true fourth=false
  lambda=5.01: clique=6 third=true fourth=false
  lambda=5.02: clique=6 third=true fourth=false
  lambda=5.03: clique=6 third=true fourth=false
  lambda=5.04: clique=6 third=true fourth=false
  lambda=5.05: clique=6 third=true fourth=false
  lambda=5.06: clique=6 third=true fourth=false
  lambda=5.07: clique=6 third=true fourth=false
  lambda=5.08: clique=6 third=true fourth=false
  lambda=5.09: clique=6 third=true fourth=false
  lambda=5.1: clique=6 third=true fourth=false
  lambda=5.11: clique=6 third=true fourth=false
  lambda=5.12: clique=6 third=true fourth=false
  lambda=5.13: clique=6 third=true fourth=false
  lambda=5.14: clique=6 third=true fourth=false
  lambda=5.15: clique=6 third=true fourth=false
  lambda=5.16: clique=6 third=true fourth=false
  lambda=5.17: clique=6 third=true fourth=false
  lambda=5.18: clique=6 third=true fourth=false
  lambda=5.19: clique=6 third=true fourth=false
  lambda=5.2: clique=6 third=true fourth=false
  lambda=5.21: clique=6 third=true fourth=false
  lambda=5.22: clique=6 third=true fourth=false
  lambda=5.23: clique=6 third=true fourth=false
  lambda=5.24: clique=6 third=true fourth=false
  lambda=5.25: clique=6 third=true fourth=false
  lambda=5.26: clique=6 third=true fourth=false
  lambda=5.27: clique=6 third=true fourth=false
  lambda=5.28: clique=6 third=true fourth=false
  lambda=5.29: clique=6 third=true fourth=false
  lambda=5.3: clique=6 third=true fourth=false
  lambda=5.31: clique=6 third=true fourth=false
  lambda=5.32: clique=6 third=true fourth=false
  lambda=5.33: clique=6 third=true fourth=false
  lambda=5.34: clique=6 third=true fourth=false
  lambda=5.35: clique=6 third=true fourth=false
  lambda=5.36: clique=6 third=true fourth=false
  lambda=5.37: clique=6 third=true fourth=false
  lambda=5.38: clique=6 third=true fourth=false
  lambda=5.39: clique=6 third=true fourth=false
  lambda=5.4: clique=6 third=true fourth=false
  lambda=5.41: clique=6 third=true fourth=false
  lambda=5.42: clique=6 third=true fourth=false
  lambda=5.43: clique=6 third=true fourth=false
  lambda=5.44: clique=6 third=true fourth=false
  lambda=5.45: clique=6 third=true fourth=false
  lambda=5.46: clique=6 third=true fourth=false
  lambda=5.47: clique=6 third=true fourth=false
  lambda=5.48: clique=6 third=true fourth=false
  lambda=5.49: clique=6 third=true fourth=false
  lambda=5.5: clique=6 third=true fourth=false
  lambda=5.51: clique=6 third=true fourth=false
  lambda=5.52: clique=6 third=true fourth=false
  lambda=5.53: clique=6 third=true fourth=false
  lambda=5.54: clique=6 third=true fourth=false
  lambda=5.55: clique=6 third=true fourth=false
  lambda=5.56: clique=6 third=true fourth=false
  lambda=5.57: clique=6 third=true fourth=false
  lambda=5.58: clique=6 third=true fourth=false
  lambda=5.59: clique=6 third=true fourth=false
  lambda=5.6: clique=6 third=true fourth=false
  lambda=5.61: clique=6 third=true fourth=false
  lambda=5.62: clique=6 third=true fourth=false
  lambda=5.63: clique=6 third=true fourth=false
  lambda=5.64: clique=6 third=true fourth=false
  lambda=5.65: clique=6 third=true fourth=false
  lambda=5.66: clique=6 third=true fourth=false
  lambda=5.67: clique=6 third=true fourth=false
  lambda=5.68: clique=6 third=true fourth=false
  lambda=5.69: clique=6 third=true fourth=false
  lambda=5.7: clique=6 third=true fourth=false
  lambda=5.71: clique=6 third=true fourth=false
  lambda=5.72: clique=6 third=true fourth=false
  lambda=5.73: clique=6 third=true fourth=false
  lambda=5.74: clique=6 third=true fourth=false
  lambda=5.75: clique=6 third=true fourth=false
  lambda=5.76: clique=6 third=true fourth=false
  lambda=5.77: clique=6 third=true fourth=false
  lambda=5.78: clique=6 third=true fourth=false
  lambda=5.79: clique=6 third=true fourth=false
  lambda=5.8: clique=6 third=true fourth=false
  lambda=5.81: clique=6 third=true fourth=false
  lambda=5.82: clique=6 third=true fourth=false
  lambda=5.83: clique=6 third=true fourth=false
  lambda=5.84: clique=6 third=true fourth=false
  lambda=5.85: clique=6 third=true fourth=false
  lambda=5.86: clique=6 third=true fourth=false
  lambda=5.87: clique=6 third=true fourth=false
  lambda=5.88: clique=6 third=true fourth=false
  lambda=5.89: clique=6 third=true fourth=false
  lambda=5.9: clique=6 third=true fourth=false
  lambda=5.91: clique=6 third=true fourth=false
  lambda=5.92: clique=6 third=true fourth=false
  lambda=5.93: clique=6 third=true fourth=false
  lambda=5.94: clique=6 third=true fourth=false
  lambda=5.95: clique=6 third=true fourth=false
  lambda=5.96: clique=6 third=true fourth=false
  lambda=5.97: clique=6 third=true fourth=false
  lambda=5.98: clique=6 third=true fourth=false
  lambda=5.99: clique=6 third=true fourth=false
  lambda=6: clique=6 third=true fourth=false
  lambda=6.01: clique=6 third=true fourth=false
  lambda=6.02: clique=6 third=true fourth=false
  lambda=6.03: clique=6 third=true fourth=false
  lambda=6.04: clique=6 third=true fourth=false
  lambda=6.05: clique=6 third=true fourth=false
  lambda=6.06: clique=6 third=true fourth=false
  lambda=6.07: clique=6 third=true fourth=false
  lambda=6.08: clique=6 third=true fourth=false
  lambda=6.09: clique=6 third=true fourth=false
  lambda=6.1: clique=6 third=true fourth=false
  lambda=6.11: clique=6 third=true fourth=false
  lambda=6.12: clique=6 third=true fourth=false
  lambda=6.13: clique=6 third=true fourth=false
  lambda=6.14: clique=6 third=true fourth=false
  lambda=6.15: clique=6 third=true fourth=false
  lambda=6.16: clique=6 third=true fourth=false
  lambda=6.17: clique=6 third=true fourth=false
  lambda=6.18: clique=6 third=true fourth=false
  lambda=6.19: clique=6 third=true fourth=false
  lambda=6.2: clique=6 third=true fourth=false
  lambda=6.21: clique=6 third=true fourth=false
  lambda=6.22: clique=6 third=true fourth=false
  lambda=6.23: clique=6 third=true fourth=false
  lambda=6.24: clique=6 third=true fourth=false
  lambda=6.25: clique=6 third=true fourth=false
  lambda=6.26: clique=6 third=true fourth=false
  lambda=6.27: clique=6 third=true fourth=false

SUMMARY: probed=628 ok=628 clique>=6=628 third=628 fourth=0
