gcd(a,P(a)) = 1
phase gcd degrees = 2, 2, 2
factorization gA:
[1]:
   _[1]=323
   _[2]=a2+(16/323q11-35/323q10+10/19q9-18/323q8+120/323q7+32/323q6-166/323q5-157/323q4+8/323q3-46/323q2-48/323q-66/323)
[2]:
   1,1
factorization gB:
[1]:
   _[1]=323
   _[2]=b2+(-166/323q11+192/323q10+10/19q9-46/323q8-72/323q7+32/323q6+150/323q5-35/323q4+8/323q3+64/323q2+120/323q-66/323)
[2]:
   1,1
factorization gC:
[1]:
   _[1]=323
   _[2]=c2+(150/323q11-157/323q10+10/19q9+64/323q8-48/323q7+32/323q6+16/323q5+192/323q4+8/323q3-18/323q2-72/323q-66/323)
[2]:
   1,1
joint ideal dimension = 0
joint ideal vector-space dimension = 8
