Subset A: y^2-dA
[1]:
   _[1]=1
   _[2]=y2+(16/323q11-35/323q10+10/19q9-18/323q8+120/323q7+32/323q6-166/323q5-157/323q4+8/323q3-46/323q2-48/323q-66/323)
[2]:
   1,1
Subset B: y^2-dB
[1]:
   _[1]=1
   _[2]=y2+(-166/323q11+192/323q10+10/19q9-46/323q8-72/323q7+32/323q6+150/323q5-35/323q4+8/323q3+64/323q2+120/323q-66/323)
[2]:
   1,1
Subset C: y^2-dC
[1]:
   _[1]=1
   _[2]=y2+(150/323q11-157/323q10+10/19q9+64/323q8-48/323q7+32/323q6+16/323q5+192/323q4+8/323q3-18/323q2-72/323q-66/323)
[2]:
   1,1
Subset AB: y^2-dA*dB
[1]:
   _[1]=1
   _[2]=y2+(-48/323q11-50/323q10+104/323q9+48/323q8+112/323q7-2/323q6+80/323q5+96/323q4+42/323q3-213/323q2+54/323q+130/323)
[2]:
   1,1
Subset AC: y^2-dA*dC
[1]:
   _[1]=1
   _[2]=y2+(-32/323q11+96/323q10+104/323q9+165/323q8+54/323q7-2/323q6-48/323q5-46/323q4+42/323q3+48/323q2-166/323q+130/323)
[2]:
   1,1
Subset BC: y^2-dB*dC
[1]:
   _[1]=1
   _[2]=y2+(80/323q11-46/323q10+104/323q9-213/323q8-166/323q7-2/323q6-32/323q5-50/323q4+42/323q3+165/323q2+112/323q+130/323)
[2]:
   1,1
Subset ABC: y^2-dA*dB*dC
[1]:
   _[1]=1
   _[2]=y2+(-128/323q9-75/323q6-40/323q3+315/323)
[2]:
   1,1
SINGULAR_EXIT_STATUS=0
