[33m[1m┌ [22m[39m[33m[1mWarning: [22m[39mKarlsson z4^2 Mobius consistency violated
[33m[1m│ [22m[39m  theta = 0.9553166181245092
[33m[1m│ [22m[39m  phi = 0.7853981633974483
[33m[1m│ [22m[39m  lambda_ = 0.4
[33m[1m│ [22m[39m  z4_dev = 1.84212198800577
[33m[1m└ [22m[39m[90m@ Main D:\IBM-Quantum\MUBs in 6-dimension\src\mub_zauner_6d_liang_chen.jl:103[39m
[33m[1m┌ [22m[39m[33m[1mWarning: [22m[39mKarlsson z4^2 Mobius consistency violated
[33m[1m│ [22m[39m  theta = 0.9553166181245092
[33m[1m│ [22m[39m  phi = 0.7853981633974483
[33m[1m│ [22m[39m  lambda_ = 0.395
[33m[1m│ [22m[39m  z4_dev = 1.8459931287262346
[33m[1m└ [22m[39m[90m@ Main D:\IBM-Quantum\MUBs in 6-dimension\src\mub_zauner_6d_liang_chen.jl:103[39m
[33m[1m┌ [22m[39m[33m[1mWarning: [22m[39mKarlsson z4^2 Mobius consistency violated
[33m[1m│ [22m[39m  theta = 0.9553166181245092
[33m[1m│ [22m[39m  phi = 0.7853981633974483
[33m[1m│ [22m[39m  lambda_ = 0.3975
[33m[1m│ [22m[39m  z4_dev = 1.8440633210608794
[33m[1m└ [22m[39m[90m@ Main D:\IBM-Quantum\MUBs in 6-dimension\src\mub_zauner_6d_liang_chen.jl:103[39m
[33m[1m┌ [22m[39m[33m[1mWarning: [22m[39mKarlsson z4^2 Mobius consistency violated
[33m[1m│ [22m[39m  theta = 0.9553166181245092
[33m[1m│ [22m[39m  phi = 0.7853981633974483
[33m[1m│ [22m[39m  lambda_ = 0.4025
[33m[1m│ [22m[39m  z4_dev = 1.8401691416942325
[33m[1m└ [22m[39m[90m@ Main D:\IBM-Quantum\MUBs in 6-dimension\src\mub_zauner_6d_liang_chen.jl:103[39m
[33m[1m┌ [22m[39m[33m[1mWarning: [22m[39mKarlsson z4^2 Mobius consistency violated
[33m[1m│ [22m[39m  theta = 0.9553166181245092
[33m[1m│ [22m[39m  phi = 0.7853981633974483
[33m[1m│ [22m[39m  lambda_ = 0.405
[33m[1m│ [22m[39m  z4_dev = 1.8382047943315496
[33m[1m└ [22m[39m[90m@ Main D:\IBM-Quantum\MUBs in 6-dimension\src\mub_zauner_6d_liang_chen.jl:103[39m
