  Parametric pool system: 10 variables (includes 3 Karlsson params + pool vars)
julia.exe : 
At C:\Users\adian\AppData\Local\Temp\ps-script-e1210c57-4917-46dc-bee9-6b76a5cb4a46.ps1:120 char:1
+ & "C:\Users\adian\AppData\Local\Programs\Julia-1.12.6\bin\julia.exe"  ...
+ ~~~~~~~~~~~~~~~~~~~~~~~~~~~~~~~~~~~~~~~~~~~~~~~~~~~~~~~~~~~~~~~~~~~~~
    + CategoryInfo          : NotSpecified: (:String) [], RemoteException
    + FullyQualifiedErrorId : NativeCommandError
 
[32mComputing mixed cells... 2    Time: 0:00:02[39m[K
[34m   mixed_volume: 2[39m[K
[A

[K[A
[32mComputing mixed cells... 189    Time: 0:00:03[39m[K
[34m   mixed_volume: 252[39m[K

[32mTracking 252 paths...   1%|Γûê                            |  ETA: 0:58:10[39m[K
[34m                   # paths tracked: 2[39m[K
[34m   # non-singular solutions (real): 2 (0)[39m[K
[34m       # singular endpoints (real): 0 (0)[39m[K
[34m          # total solutions (real): 2 (0)[39m[K
[A
[A
[A
[A




[K[A
[K[A
[K[A
[K[A
[32mTracking 252 paths...  25%|ΓûêΓûêΓûêΓûêΓûêΓûêΓûêΓûê                     |  ETA: 0:01:25[39m[K
[34m                   # paths tracked: 63[39m[K
[34m   # non-singular solutions (real): 50 (7)[39m[K
[34m       # singular endpoints (real): 0 (0)[39m[K
[34m          # total solutions (real): 50 (7)[39m[K
[A
[A
[A
[A




[K[A
[K[A
[K[A
[K[A
[32mTracking 252 paths...  41%|ΓûêΓûêΓûêΓûêΓûêΓûêΓûêΓûêΓûêΓûêΓûêΓûê                 |  ETA: 0:00:41[39m[K
[34m                   # paths tracked: 104[39m[K
[34m   # non-singular solutions (real): 83 (8)[39m[K
[34m       # singular endpoints (real): 0 (0)[39m[K
[34m          # total solutions (real): 83 (8)[39m[K
[A
[A
[A
[A




[K[A
[K[A
[K[A
[K[A
[32mTracking 252 paths...  55%|ΓûêΓûêΓûêΓûêΓûêΓûêΓûêΓûêΓûêΓûêΓûêΓûêΓûêΓûêΓûêΓûê             |  ETA: 0:00:24[39m[K
[34m                   # paths tracked: 138[39m[K
[34m   # non-singular solutions (real): 110 (12)[39m[K
[34m       # singular endpoints (real): 0 (0)[39m[K
[34m          # total solutions (real): 110 (12)[39m[K
[A
[A
[A
[A




[K[A
[K[A
[K[A
[K[A
[32mTracking 252 paths...  70%|ΓûêΓûêΓûêΓûêΓûêΓûêΓûêΓûêΓûêΓûêΓûêΓûêΓûêΓûêΓûêΓûêΓûêΓûêΓûêΓûêΓûê        |  ETA: 0:00:13[39m[K
[34m                   # paths tracked: 176[39m[K
[34m   # non-singular solutions (real): 144 (17)[39m[K
[34m       # singular endpoints (real): 0 (0)[39m[K
[34m          # total solutions (real): 144 (17)[39m[K
[A
[A
[A
[A




[K[A
[K[A
[K[A
[K[A
[32mTracking 252 paths...  84%|ΓûêΓûêΓûêΓûêΓûêΓûêΓûêΓûêΓûêΓûêΓûêΓûêΓûêΓûêΓûêΓûêΓûêΓûêΓûêΓûêΓûêΓûêΓûêΓûêΓûê    |  ETA: 0:00:06[39m[K
[34m                   # paths tracked: 212[39m[K
[34m   # non-singular solutions (real): 172 (19)[39m[K
[34m       # singular endpoints (real): 0 (0)[39m[K
[34m          # total solutions (real): 172 (19)[39m[K
[A
[A
[A
[A




[K[A
[K[A
[K[A
[K[A
[32mTracking 252 paths...  99%|ΓûêΓûêΓûêΓûêΓûêΓûêΓûêΓûêΓûêΓûêΓûêΓûêΓûêΓûêΓûêΓûêΓûêΓûêΓûêΓûêΓûêΓûêΓûêΓûêΓûêΓûêΓûêΓûêΓûê|  ETA: 0:00:00[39m[K
[34m                   # paths tracked: 251[39m[K
[34m   # non-singular solutions (real): 203 (24)[39m[K
[34m       # singular endpoints (real): 0 (0)[39m[K
[34m          # total solutions (real): 203 (24)[39m[K
[A
[A
[A
[A




[K[A
[K[A
[K[A
[K[A
[32mTracking 252 paths... 100%|ΓûêΓûêΓûêΓûêΓûêΓûêΓûêΓûêΓûêΓûêΓûêΓûêΓûêΓûêΓûêΓûêΓûêΓûêΓûêΓûêΓûêΓûêΓûêΓûêΓûêΓûêΓûêΓûêΓûê| Time: 0:00:29[39m[K
[34m                   # paths tracked: 252[39m[K
[34m   # non-singular solutions (real): 204 (24)[39m[K
[34m       # singular endpoints (real): 0 (0)[39m[K
[34m          # total solutions (real): 204 (24)[39m[K
[33m[1mΓöî [22m[39m[33m[1mWarning: [22m[39mKarlsson z4^2 Mobius consistency violated
[33m[1mΓöé [22m[39m  theta = 0.9553166181245092
[33m[1mΓöé [22m[39m  phi = 0.7853981633974483
[33m[1mΓöé [22m[39m  lambda_ = 0.4
[33m[1mΓöé [22m[39m  z4_dev = 1.84212198800577
[33m[1mΓöö [22m[39m[90m@ Main d:\IBM-Quantum\MUBs in 6-dimension\src\mub_zauner_6d_liang_chen.jl:103[39m

[32mTracking 252 paths...  40%|ΓûêΓûêΓûêΓûêΓûêΓûêΓûêΓûêΓûêΓûêΓûêΓûê                 |  ETA: 0:00:01[39m[K
[34m                   # paths tracked: 102[39m[K
[34m   # non-singular solutions (real): 98 (7)[39m[K
[34m       # singular endpoints (real): 0 (0)[39m[K
[34m          # total solutions (real): 98 (7)[39m[K
[A
[A
[A
[A




[K[A
[K[A
[K[A
[K[A
[32mTracking 252 paths...  56%|ΓûêΓûêΓûêΓûêΓûêΓûêΓûêΓûêΓûêΓûêΓûêΓûêΓûêΓûêΓûêΓûêΓûê            |  ETA: 0:00:01[39m[K
[34m                   # paths tracked: 142[39m[K
[34m   # non-singular solutions (real): 136 (9)[39m[K
[34m       # singular endpoints (real): 0 (0)[39m[K
[34m          # total solutions (real): 136 (9)[39m[K
[A
[A
[A
[A




[K[A
[K[A
[K[A
[K[A
[32mTracking 252 paths...  73%|ΓûêΓûêΓûêΓûêΓûêΓûêΓûêΓûêΓûêΓûêΓûêΓûêΓûêΓûêΓûêΓûêΓûêΓûêΓûêΓûêΓûêΓûê       |  ETA: 0:00:00[39m[K
[34m                   # paths tracked: 184[39m[K
[34m   # non-singular solutions (real): 175 (10)[39m[K
[34m       # singular endpoints (real): 0 (0)[39m[K
[34m          # total solutions (real): 175 (10)[39m[K
[A
[A
[A
[A




[K[A
[K[A
[K[A
[K[A
[32mTracking 252 paths...  90%|ΓûêΓûêΓûêΓûêΓûêΓûêΓûêΓûêΓûêΓûêΓûêΓûêΓûêΓûêΓûêΓûêΓûêΓûêΓûêΓûêΓûêΓûêΓûêΓûêΓûêΓûêΓûê  |  ETA: 0:00:00[39m[K
[34m                   # paths tracked: 226[39m[K
[34m   # non-singular solutions (real): 216 (10)[39m[K
[34m       # singular endpoints (real): 0 (0)[39m[K
[34m          # total solutions (real): 216 (10)[39m[K
[A
[A
[A
[A




[K[A
[K[A
[K[A
[K[A
[32mTracking 252 paths... 100%|ΓûêΓûêΓûêΓûêΓûêΓûêΓûêΓûêΓûêΓûêΓûêΓûêΓûêΓûêΓûêΓûêΓûêΓûêΓûêΓûêΓûêΓûêΓûêΓûêΓûêΓûêΓûêΓûêΓûê| Time: 0:00:01[39m[K
[34m                   # paths tracked: 252[39m[K
[34m   # non-singular solutions (real): 240 (12)[39m[K
[34m       # singular endpoints (real): 0 (0)[39m[K
[34m          # total solutions (real): 240 (12)[39m[K
[91m[1mERROR: [22m[39mLoadError: FieldError: type NamedTuple has no field `found_fourth`, available fields: 
`hadamard`, `max_clique`, `found_third`, `n_pool`
Stacktrace:
 [1] [0m[1mgetproperty[22m
[90m   @[39m [90m.\[39m[90m[4mBase_compiler.jl:54[24m[39m[90m [inlined][39m
 [2] [0m[1m(::var"#main##0#main##1"{Vector{Tuple{String, Float64, Float64, 
Float64}}})[22m[0m[1m([22m[90mio[39m::[0mIOStream[0m[1m)[22m
[90m   @[39m [35mMain[39m [90md:\IBM-Quantum\MUBs in 
6-dimension\scripts\julia\[39m[90m[4mthird_mub_locus_dimension.jl:111[24m[39m
 [3] [0m[1mopen[22m[0m[1m([22m::[0mvar"#main##0#main##1"[90m{Vector{Tuple{String, Float64, Float64, 
Float64}}}[39m, ::[0mString, ::[0mVararg[90m{String}[39m; [90mkwargs[39m::[0m@Kwargs[90m{}[39m[0m[1m)[22m
[90m   @[39m [90mBase[39m [90m.\[39m[90m[4mio.jl:412[24m[39m
 [4] [0m[1mopen[22m
[90m   @[39m [90m.\[39m[90m[4mio.jl:409[24m[39m[90m [inlined][39m
 [5] [0m[1mmain[22m[0m[1m([22m[0m[1m)[22m
[90m   @[39m [35mMain[39m [90md:\IBM-Quantum\MUBs in 
6-dimension\scripts\julia\[39m[90m[4mthird_mub_locus_dimension.jl:95[24m[39m
 [6] top-level scope
[90m   @[39m [90md:\IBM-Quantum\MUBs in 
6-dimension\scripts\julia\[39m[90m[4mthird_mub_locus_dimension.jl:150[24m[39m
 [7] [0m[1minclude[22m[0m[1m([22m[90mmod[39m::[0mModule, [90m_path[39m::[0mString[0m[1m)[22m
[90m   @[39m [90mBase[39m [90m.\[39m[90m[4mBase.jl:306[24m[39m
 [8] [0m[1mexec_options[22m[0m[1m([22m[90mopts[39m::[0mBase.JLOptions[0m[1m)[22m
[90m   @[39m [90mBase[39m [90m.\[39m[90m[4mclient.jl:317[24m[39m
 [9] [0m[1m_start[22m[0m[1m([22m[0m[1m)[22m
[90m   @[39m [90mBase[39m [90m.\[39m[90m[4mclient.jl:550[24m[39m
in expression starting at d:\IBM-Quantum\MUBs in 6-dimension\scripts\julia\third_mub_locus_dimension.jl:150
